// Jest Snapshot v1, https://goo.gl/fbAQLP

exports[`SayHello component should display the person name using snapshot testing 1`] = `
<DocumentFragment>
  <h1>
    Hello 
    <strong>
      Jhon
    </strong>
  </h1>
</DocumentFragment>
`;
